
> portfolio@0.1.0 build
> next build

node.exe : ΓÜá 
Warning: Next.js 
inferred your 
workspace root, but 
it may not be 
correct.
At C:\Program Files\
nodejs\npm.ps1:29 
char:3
+   & $NODE_EXE 
$NPM_CLI_JS $args
+   ~~~~~~~~~~~~~~~~
~~~~~~~~~~~~~
    + CategoryInfo  
            : NotS  
  pecified: (ΓÜá    
 Warning: Ne...n    
ot be correct.:    
String) [], Rem    
oteException
    + FullyQualifie 
   dErrorId : Nati  
  veCommandError
 
 We detected 
multiple lockfiles 
and selected the 
directory of C:\User
s\kapoo\package-lock
.json as the root 
directory.
 To silence this 
warning, set 
`turbopack.root` in 
your Next.js 
config, or consider 
removing one of the 
lockfiles if it's 
not needed.
   See https://nextj
s.org/docs/app/api-r
eference/config/next
-config-js/turbopack
#root-directory for 
more information.
 Detected 
additional 
lockfiles: 
   * C:\Users\kapoo\
Desktop\Coding\portf
olio\package-lock.js
on

Γû▓ Next.js 16.1.6 (Turbopack)
- Environments: .env.local

  Creating an optimized production build ...
Γ£ô Compiled successfully in 1313.8ms
  Running TypeScript ...
Failed to compile.

./components/apps/Pr
ojectsApp.tsx:11:68
Type error: 
Property 'desc' is 
missing in type '{ 
name: string; 
subtitle: string; 
tech: string; date: 
string; githubUrl: 
string; summary: 
string; bullets: 
string[]; }' but 
required in type '{ 
name: string; tech: 
string; desc: 
string; }'.

[0m [90m  9 
|[39m         [33m
<[39m[33mdiv[39m 
className[33m=[39m
[32m"flex-1 
overflow-y-auto p-5 
flex flex-col 
gap-4"[39m 
style[33m=[39m{{ b
ackground[33m:[39m
 [32m'#2a2a2a'[39m
[33m,[39m fontFami
ly[33m:[39m 
[33mMONO[39m 
}}[33m>[39m
 [90m 10 |[39m    
         [33m<[39m
[33mdiv[39m classN
ame[33m=[39m[32m"
text-[15px] 
font-semibold text-w
hite"[39m[33m>[39
m[33mProjects[39m
[33m<[39m[33m/[39
m[33mdiv[39m[33m>
[39m
[31m[1m>[22m[39m
[90m 11 |[39m     
        {[33mPORTFO
LIO[39m[33m.[39mp
rojects[33m.[39mma
p((p[33m,[39m i) 
[33m=>[39m [33m<
[39m[33mProjectCard
[39m 
key[33m=[39m{i} 
p[33m=[39m{p} 
index[33m=[39m{i} 
[33m/[39m[33m>[3
9m)}
 [90m    |[39m    
                    
                    
                    
    
[31m[1m^[22m[39m
 [90m 12 |[39m    
     [33m<[39m[33
m/[39m[33mdiv[39m
[33m>[39m
 [90m 13 |[39m    
 )[33m;[39m
 [90m 14 |[39m 
}[0m
Next.js build 
worker exited with 
code: 1 and signal: 
null
